// Jest Snapshot v1, https://goo.gl/fbAQLP

exports[`command should fail 1`] = `
"Screenshot was 10% different from saved snapshot with 10 different pixels.
  See diff for details: cheese"
`;
